============================= test session starts ==============================
platform darwin -- Python 3.14.3, pytest-9.0.3, pluggy-1.6.0 -- /Users/albertosca/Programming/candidatador-de-vagas/.venv/bin/python3.14
cachedir: .pytest_cache
rootdir: /Users/albertosca/Programming/candidatador-de-vagas
configfile: pyproject.toml
plugins: mock-3.15.1, asyncio-1.3.0, anyio-4.13.0
asyncio: mode=Mode.AUTO, debug=False, asyncio_default_fixture_loop_scope=None, asyncio_default_test_loop_scope=function
collecting ... collected 16 items

tests/applicator/test_base.py::test_generate_answers_returns_draft PASSED [  6%]
tests/applicator/test_base.py::test_application_draft_serialization PASSED [ 12%]
tests/scanner/test_base.py::test_rawjob_defaults PASSED                  [ 18%]
tests/scanner/test_base.py::test_normalize_remote_type PASSED            [ 25%]
tests/scanner/test_http_sources.py::test_greenhouse_scan PASSED          [ 31%]
tests/scanner/test_http_sources.py::test_lever_scan PASSED               [ 37%]
tests/scanner/test_http_sources.py::test_greenhouse_404_skips_company PASSED [ 43%]
tests/test_config.py::test_load_config_defaults PASSED                   [ 50%]
tests/test_config.py::test_load_config_overrides PASSED                  [ 56%]
tests/test_config.py::test_load_profile PASSED                           [ 62%]
tests/test_config.py::test_load_company_list PASSED                      [ 68%]
tests/test_config.py::test_load_company_list_nonexistent PASSED          [ 75%]
tests/test_db.py::test_init_creates_tables PASSED                        [ 81%]
tests/test_db.py::test_scan_log_dedup PASSED                             [ 87%]
tests/test_evaluator.py::test_evaluate_job_returns_result PASSED         [ 93%]
tests/test_evaluator.py::test_evaluate_job_handles_malformed_json PASSED [100%]

============================== 16 passed in 0.95s ==============================
